###############################################################################
#
# IAR ELF Linker V7.80.4.12462/W32 for ARM                08/May/2019  11:58:05
# Copyright 2007-2017 IAR Systems AB.
#
#    Output file  =  
#        C:\Users\ª·ƒ√√€‚µµƒ¬ﬁ≈Ã\Desktop\12864∆¡ƒª\05.≤‚ ‘\demo\EWARM\demo\Exe\demo.out
#    Map file     =  
#        C:\Users\ª·ƒ√√€‚µµƒ¬ﬁ≈Ã\Desktop\12864∆¡ƒª\05.≤‚ ‘\demo\EWARM\demo\List\demo.map
#    Command line =  
#        C:\Users\ª·ƒ√√€‚µµƒ¬ﬁ≈Ã\Desktop\12864∆¡ƒª\05.≤‚ ‘\demo\EWARM\demo\Obj\command.o
#        C:\Users\ª·ƒ√√€‚µµƒ¬ﬁ≈Ã\Desktop\12864∆¡ƒª\05.≤‚ ‘\demo\EWARM\demo\Obj\DisplayList.o
#        C:\Users\ª·ƒ√√€‚µµƒ¬ﬁ≈Ã\Desktop\12864∆¡ƒª\05.≤‚ ‘\demo\EWARM\demo\Obj\dma.o
#        C:\Users\ª·ƒ√√€‚µµƒ¬ﬁ≈Ã\Desktop\12864∆¡ƒª\05.≤‚ ‘\demo\EWARM\demo\Obj\global.o
#        C:\Users\ª·ƒ√√€‚µµƒ¬ﬁ≈Ã\Desktop\12864∆¡ƒª\05.≤‚ ‘\demo\EWARM\demo\Obj\gpio.o
#        C:\Users\ª·ƒ√√€‚µµƒ¬ﬁ≈Ã\Desktop\12864∆¡ƒª\05.≤‚ ‘\demo\EWARM\demo\Obj\gpio_c.o
#        C:\Users\ª·ƒ√√€‚µµƒ¬ﬁ≈Ã\Desktop\12864∆¡ƒª\05.≤‚ ‘\demo\EWARM\demo\Obj\iwdg.o
#        C:\Users\ª·ƒ√√€‚µµƒ¬ﬁ≈Ã\Desktop\12864∆¡ƒª\05.≤‚ ‘\demo\EWARM\demo\Obj\main.o
#        C:\Users\ª·ƒ√√€‚µµƒ¬ﬁ≈Ã\Desktop\12864∆¡ƒª\05.≤‚ ‘\demo\EWARM\demo\Obj\Modbus.o
#        C:\Users\ª·ƒ√√€‚µµƒ¬ﬁ≈Ã\Desktop\12864∆¡ƒª\05.≤‚ ‘\demo\EWARM\demo\Obj\PointSelect.o
#        C:\Users\ª·ƒ√√€‚µµƒ¬ﬁ≈Ã\Desktop\12864∆¡ƒª\05.≤‚ ‘\demo\EWARM\demo\Obj\startup_stm32f030x8.o
#        C:\Users\ª·ƒ√√€‚µµƒ¬ﬁ≈Ã\Desktop\12864∆¡ƒª\05.≤‚ ‘\demo\EWARM\demo\Obj\stm32f0xx_hal.o
#        C:\Users\ª·ƒ√√€‚µµƒ¬ﬁ≈Ã\Desktop\12864∆¡ƒª\05.≤‚ ‘\demo\EWARM\demo\Obj\stm32f0xx_hal_cortex.o
#        C:\Users\ª·ƒ√√€‚µµƒ¬ﬁ≈Ã\Desktop\12864∆¡ƒª\05.≤‚ ‘\demo\EWARM\demo\Obj\stm32f0xx_hal_dma.o
#        C:\Users\ª·ƒ√√€‚µµƒ¬ﬁ≈Ã\Desktop\12864∆¡ƒª\05.≤‚ ‘\demo\EWARM\demo\Obj\stm32f0xx_hal_flash.o
#        C:\Users\ª·ƒ√√€‚µµƒ¬ﬁ≈Ã\Desktop\12864∆¡ƒª\05.≤‚ ‘\demo\EWARM\demo\Obj\stm32f0xx_hal_flash_ex.o
#        C:\Users\ª·ƒ√√€‚µµƒ¬ﬁ≈Ã\Desktop\12864∆¡ƒª\05.≤‚ ‘\demo\EWARM\demo\Obj\stm32f0xx_hal_gpio.o
#        C:\Users\ª·ƒ√√€‚µµƒ¬ﬁ≈Ã\Desktop\12864∆¡ƒª\05.≤‚ ‘\demo\EWARM\demo\Obj\stm32f0xx_hal_i2c.o
#        C:\Users\ª·ƒ√√€‚µµƒ¬ﬁ≈Ã\Desktop\12864∆¡ƒª\05.≤‚ ‘\demo\EWARM\demo\Obj\stm32f0xx_hal_i2c_ex.o
#        C:\Users\ª·ƒ√√€‚µµƒ¬ﬁ≈Ã\Desktop\12864∆¡ƒª\05.≤‚ ‘\demo\EWARM\demo\Obj\stm32f0xx_hal_iwdg.o
#        C:\Users\ª·ƒ√√€‚µµƒ¬ﬁ≈Ã\Desktop\12864∆¡ƒª\05.≤‚ ‘\demo\EWARM\demo\Obj\stm32f0xx_hal_msp.o
#        C:\Users\ª·ƒ√√€‚µµƒ¬ﬁ≈Ã\Desktop\12864∆¡ƒª\05.≤‚ ‘\demo\EWARM\demo\Obj\stm32f0xx_hal_pwr.o
#        C:\Users\ª·ƒ√√€‚µµƒ¬ﬁ≈Ã\Desktop\12864∆¡ƒª\05.≤‚ ‘\demo\EWARM\demo\Obj\stm32f0xx_hal_pwr_ex.o
#        C:\Users\ª·ƒ√√€‚µµƒ¬ﬁ≈Ã\Desktop\12864∆¡ƒª\05.≤‚ ‘\demo\EWARM\demo\Obj\stm32f0xx_hal_rcc.o
#        C:\Users\ª·ƒ√√€‚µµƒ¬ﬁ≈Ã\Desktop\12864∆¡ƒª\05.≤‚ ‘\demo\EWARM\demo\Obj\stm32f0xx_hal_rcc_ex.o
#        C:\Users\ª·ƒ√√€‚µµƒ¬ﬁ≈Ã\Desktop\12864∆¡ƒª\05.≤‚ ‘\demo\EWARM\demo\Obj\stm32f0xx_hal_tim.o
#        C:\Users\ª·ƒ√√€‚µµƒ¬ﬁ≈Ã\Desktop\12864∆¡ƒª\05.≤‚ ‘\demo\EWARM\demo\Obj\stm32f0xx_hal_tim_ex.o
#        C:\Users\ª·ƒ√√€‚µµƒ¬ﬁ≈Ã\Desktop\12864∆¡ƒª\05.≤‚ ‘\demo\EWARM\demo\Obj\stm32f0xx_hal_uart.o
#        C:\Users\ª·ƒ√√€‚µµƒ¬ﬁ≈Ã\Desktop\12864∆¡ƒª\05.≤‚ ‘\demo\EWARM\demo\Obj\stm32f0xx_hal_uart_ex.o
#        C:\Users\ª·ƒ√√€‚µµƒ¬ﬁ≈Ã\Desktop\12864∆¡ƒª\05.≤‚ ‘\demo\EWARM\demo\Obj\stm32f0xx_it.o
#        C:\Users\ª·ƒ√√€‚µµƒ¬ﬁ≈Ã\Desktop\12864∆¡ƒª\05.≤‚ ‘\demo\EWARM\demo\Obj\system_stm32f0xx.o
#        C:\Users\ª·ƒ√√€‚µµƒ¬ﬁ≈Ã\Desktop\12864∆¡ƒª\05.≤‚ ‘\demo\EWARM\demo\Obj\tim.o
#        C:\Users\ª·ƒ√√€‚µµƒ¬ﬁ≈Ã\Desktop\12864∆¡ƒª\05.≤‚ ‘\demo\EWARM\demo\Obj\Time3.o
#        C:\Users\ª·ƒ√√€‚µµƒ¬ﬁ≈Ã\Desktop\12864∆¡ƒª\05.≤‚ ‘\demo\EWARM\demo\Obj\Time6.o
#        C:\Users\ª·ƒ√√€‚µµƒ¬ﬁ≈Ã\Desktop\12864∆¡ƒª\05.≤‚ ‘\demo\EWARM\demo\Obj\Time_Magagement.o
#        C:\Users\ª·ƒ√√€‚µµƒ¬ﬁ≈Ã\Desktop\12864∆¡ƒª\05.≤‚ ‘\demo\EWARM\demo\Obj\usart.o
#        C:\Users\ª·ƒ√√€‚µµƒ¬ﬁ≈Ã\Desktop\12864∆¡ƒª\05.≤‚ ‘\demo\EWARM\demo\Obj\Usart1.o
#        C:\Users\ª·ƒ√√€‚µµƒ¬ﬁ≈Ã\Desktop\12864∆¡ƒª\05.≤‚ ‘\demo\EWARM\demo\Obj\Usart2.o
#        C:\Users\ª·ƒ√√€‚µµƒ¬ﬁ≈Ã\Desktop\12864∆¡ƒª\05.≤‚ ‘\demo\EWARM\demo\Obj\Usart_Magagement.o
#        C:\Users\ª·ƒ√√€‚µµƒ¬ﬁ≈Ã\Desktop\12864∆¡ƒª\05.≤‚ ‘\demo\EWARM\demo\Obj\User_Deal_Code.o
#        --redirect _Printf=_PrintfFull --redirect _Scanf=_ScanfFull -o
#        C:\Users\ª·ƒ√√€‚µµƒ¬ﬁ≈Ã\Desktop\12864∆¡ƒª\05.≤‚ ‘\demo\EWARM\demo\Exe\demo.out
#        --map
#        C:\Users\ª·ƒ√√€‚µµƒ¬ﬁ≈Ã\Desktop\12864∆¡ƒª\05.≤‚ ‘\demo\EWARM\demo\List\demo.map
#        --config
#        C:\Users\ª·ƒ√√€‚µµƒ¬ﬁ≈Ã\Desktop\12864∆¡ƒª\05.≤‚ ‘\demo\EWARM/stm32f030x8_flash.icf
#        --semihosting --entry __iar_program_start --vfe
#
###############################################################################

*******************************************************************************
*** RUNTIME MODEL ATTRIBUTES
***

CppFlavor       = *
__SystemLibrary = DLib


*******************************************************************************
*** PLACEMENT SUMMARY
***

"A0":  place at 0x08000000 { ro section .intvec };
"P1":  place in [from 0x08000000 to 0x0800ffff] { ro };
"P2":  place in [from 0x20000000 to 0x20001fff] { rw, block CSTACK, block HEAP };
initialize by copy { rw };

  Section            Kind        Address    Size  Object
  -------            ----        -------    ----  ------
"A0":                                       0xb4
  .intvec            ro code  0x08000000    0xb4  startup_stm32f030x8.o [1]
                            - 0x080000b4    0xb4

"P1":                                     0x3a8e
  .text              ro code  0x080000b4   0x7a4  stm32f0xx_hal_uart.o [1]
  .text              ro code  0x08000858   0x274  usart.o [1]
  .text              ro code  0x08000acc   0x25c  stm32f0xx_hal_dma.o [1]
  .text              ro code  0x08000d28     0x2  stm32f0xx_hal_uart.o [1]
  .text              ro code  0x08000d2a    0x7e  lz77_init_single.o [4]
  .text              ro code  0x08000da8   0x598  stm32f0xx_hal_rcc.o [1]
  .text              ro code  0x08001340    0xe0  I32DivModFast.o [4]
  .text              ro code  0x08001420    0x3c  Usart_Magagement.o [1]
  .text              ro code  0x0800145c     0x2  stm32f0xx_hal_uart.o [1]
  .text              ro code  0x0800145e     0x2  stm32f0xx_hal_uart.o [1]
  .text              ro code  0x08001460     0x2  stm32f0xx_hal_uart.o [1]
  .text              ro code  0x08001462     0x2  startup_stm32f030x8.o [1]
  .text              ro code  0x08001464   0x114  main.o [1]
  .text              ro code  0x08001578   0x1b0  stm32f0xx_hal_gpio.o [1]
  .text              ro code  0x08001728    0xca  stm32f0xx_hal_cortex.o [1]
  .text              ro code  0x080017f2     0x2  startup_stm32f030x8.o [1]
  .text              ro code  0x080017f4     0xc  stm32f0xx_hal.o [1]
  .text              ro code  0x08001800    0x24  stm32f0xx_hal.o [1]
  .text              ro code  0x08001824    0x34  ABImemcpy.o [4]
  .text              ro code  0x08001858     0x2  IntDivZer.o [4]
  .text              ro code  0x0800185a     0x2  startup_stm32f030x8.o [1]
  .text              ro code  0x0800185c    0x20  stm32f0xx_hal.o [1]
  .text              ro code  0x0800187c   0x134  gpio.o [1]
  .text              ro code  0x080019b0    0x3c  dma.o [1]
  .text              ro code  0x080019ec   0x150  tim.o [1]
  .text              ro code  0x08001b3c    0x84  iwdg.o [1]
  .text              ro code  0x08001bc0    0x90  User_Deal_Code.o [1]
  .text              ro code  0x08001c50   0x100  stm32f0xx_hal_rcc_ex.o [1]
  .text              ro code  0x08001d50    0x50  stm32f0xx_hal_msp.o [1]
  .text              ro code  0x08001da0   0x3b8  stm32f0xx_hal_tim.o [1]
  .text              ro code  0x08002158    0x4c  stm32f0xx_hal_tim_ex.o [1]
  .text              ro code  0x080021a4    0x68  stm32f0xx_hal_iwdg.o [1]
  .text              ro code  0x0800220c   0x1cc  Usart1.o [1]
  .text              ro code  0x080023d8   0x200  Usart2.o [1]
  .text              ro code  0x080025d8   0x390  DisplayList.o [1]
  .text              ro code  0x08002968     0x2  stm32f0xx_hal_tim.o [1]
  .text              ro code  0x0800296a     0x2  stm32f0xx_hal_tim.o [1]
  .text              ro code  0x0800296c     0x2  stm32f0xx_hal_tim.o [1]
  .text              ro code  0x0800296e     0x2  startup_stm32f030x8.o [1]
  .text              ro code  0x08002970    0x28  Time_Magagement.o [1]
  .text              ro code  0x08002998     0x2  stm32f0xx_hal_tim_ex.o [1]
  .text              ro code  0x0800299a     0x2  stm32f0xx_hal_tim.o [1]
  .text              ro code  0x0800299c     0x2  stm32f0xx_hal_tim_ex.o [1]
  .text              ro code  0x0800299e    0x20  stm32f0xx_hal.o [1]
  .text              ro code  0x080029be     0x2  startup_stm32f030x8.o [1]
  .text              ro code  0x080029c0   0x2f8  Modbus.o [1]
  .text              ro code  0x08002cb8   0x472  PointSelect.o [1]
  .text              ro code  0x0800312a     0x2  startup_stm32f030x8.o [1]
  .text              ro code  0x0800312c    0x14  Time3.o [1]
  .text              ro code  0x08003140     0xc  Time6.o [1]
  .text              ro code  0x0800314c   0x10a  gpio_c.o [1]
  .text              ro code  0x08003256     0x2  startup_stm32f030x8.o [1]
  .text              ro code  0x08003258    0x88  stm32f0xx_it.o [1]
  .text              ro code  0x080032e0    0x10  stm32f0xx_hal.o [1]
  .text              ro code  0x080032f0    0x70  system_stm32f0xx.o [1]
  .text              ro code  0x08003360    0x3c  zero_init3.o [4]
  .text              ro code  0x0800339c    0x28  data_init.o [4]
  .iar.init_table    const    0x080033c4    0x20  - Linker created -
  .text              ro code  0x080033e4    0x1a  cmain.o [4]
  .text              ro code  0x080033fe     0x4  low_level_init.o [3]
  .text              ro code  0x08003402     0x8  exit.o [3]
  .text              ro code  0x0800340a     0x2  startup_stm32f030x8.o [1]
  .text              ro code  0x0800340c     0xa  cexit.o [4]
  .text              ro code  0x08003416     0x2  startup_stm32f030x8.o [1]
  .text              ro code  0x08003418    0x14  exit.o [5]
  .text              ro code  0x0800342c    0x10  startup_stm32f030x8.o [1]
  .text              ro code  0x0800343c     0xc  cstartup_M.o [4]
  .rodata            const    0x08003448     0x8  system_stm32f0xx.o [1]
  .text              ro code  0x08003450     0x2  startup_stm32f030x8.o [1]
  .text              ro code  0x08003452     0x2  startup_stm32f030x8.o [1]
  .text              ro code  0x08003454     0x2  startup_stm32f030x8.o [1]
  .text              ro code  0x08003456     0x2  startup_stm32f030x8.o [1]
  .text              ro code  0x08003458     0x2  startup_stm32f030x8.o [1]
  .text              ro code  0x0800345a     0x2  startup_stm32f030x8.o [1]
  .text              ro code  0x0800345c     0x2  startup_stm32f030x8.o [1]
  .text              ro code  0x0800345e     0x2  startup_stm32f030x8.o [1]
  .text              ro code  0x08003460     0x2  startup_stm32f030x8.o [1]
  .text              ro code  0x08003462     0x2  startup_stm32f030x8.o [1]
  .rodata            const    0x08003464     0x0  zero_init3.o [4]
  .rodata            const    0x08003464     0x0  lz77_init_single.o [4]
  Initializer bytes  const    0x08003464   0x6de  <for P2-1>
                            - 0x08003b42  0x3a8e

"P2", part 1 of 3:                         0xb85
  P2-1                        0x20000000   0xb85  <Init block>
    .data            inited   0x20000000   0x200  Modbus.o [1]
    .data            inited   0x20000200   0x100  Modbus.o [1]
    .data            inited   0x20000300   0x290  PointSelect.o [1]
    .data            inited   0x20000590   0x5f0  PointSelect.o [1]
    .data            inited   0x20000b80     0x4  system_stm32f0xx.o [1]
    .data            inited   0x20000b84     0x1  Modbus.o [1]
                            - 0x20000b85   0xb85

"P2", part 2 of 3:                         0x400
  CSTACK                      0x20000b88   0x400  <Block>
    CSTACK           uninit   0x20000b88   0x400  <Block tail>
                            - 0x20000f88   0x400

"P2", part 3 of 3:                         0xc20
  .bss               zero     0x20000f88   0x448  Usart1.o [1]
  .bss               zero     0x200013d0   0x448  Usart2.o [1]
  .bss               zero     0x20001818   0x110  usart.o [1]
  .bss               zero     0x20001928   0x100  Modbus.o [1]
  .bss               zero     0x20001a28    0x70  usart.o [1]
  .bss               zero     0x20001a98    0x70  usart.o [1]
  .bss               zero     0x20001b08    0x40  tim.o [1]
  .bss               zero     0x20001b48    0x40  tim.o [1]
  .bss               zero     0x20001b88    0x10  iwdg.o [1]
  .bss               zero     0x20001b98     0x8  Time3.o [1]
  .bss               zero     0x20001ba0     0x4  stm32f0xx_hal.o [1]
  .bss               zero     0x20001ba4     0x1  Modbus.o [1]
  .bss               zero     0x20001ba5     0x1  PointSelect.o [1]
                            - 0x20001ba6   0xc1e


*******************************************************************************
*** INIT TABLE
***

          Address     Size
          -------     ----
Zero (__iar_zero_init3)
    1 destination range, total size 0xc1e:
          0x20000f88  0xc1e

Copy/lz77 (__iar_lz77_init_single3)
    1 source range, total size 0x6de (59% of destination):
          0x08003464  0x6de
    1 destination range, total size 0xb85:
          0x20000000  0xb85



*******************************************************************************
*** MODULE SUMMARY
***

    Module                  ro code  ro data  rw data
    ------                  -------  -------  -------
C:\Users\ª·ƒ√√€‚µµƒ¬ﬁ≈Ã\Desktop\12864∆¡ƒª\05.≤‚ ‘\demo\EWARM\demo\Obj: [1]
    DisplayList.o               912
    Modbus.o                    760      458    1 026
    PointSelect.o             1 138    1 298    2 177
    Time3.o                      20                 8
    Time6.o                      12
    Time_Magagement.o            40
    Usart1.o                    460             1 096
    Usart2.o                    512             1 096
    Usart_Magagement.o           60
    User_Deal_Code.o            144
    dma.o                        60
    gpio.o                      308
    gpio_c.o                    266
    iwdg.o                      132                16
    main.o                      276
    startup_stm32f030x8.o       234
    stm32f0xx_hal.o             128                 4
    stm32f0xx_hal_cortex.o      202
    stm32f0xx_hal_dma.o         604
    stm32f0xx_hal_gpio.o        432
    stm32f0xx_hal_iwdg.o        104
    stm32f0xx_hal_msp.o          80
    stm32f0xx_hal_rcc.o       1 432
    stm32f0xx_hal_rcc_ex.o      256
    stm32f0xx_hal_tim.o         960
    stm32f0xx_hal_tim_ex.o       80
    stm32f0xx_hal_uart.o      1 964
    stm32f0xx_it.o              136
    system_stm32f0xx.o          112       10        4
    tim.o                       336               128
    usart.o                     628               496
    -------------------------------------------------
    Total:                   12 788    1 766    6 051

command line: [2]
    -------------------------------------------------
    Total:

dl6M_tlf.a: [3]
    exit.o                        8
    low_level_init.o              4
    -------------------------------------------------
    Total:                       12

rt6M_tl.a: [4]
    ABImemcpy.o                  52
    I32DivModFast.o             224
    IntDivZer.o                   2
    cexit.o                      10
    cmain.o                      26
    cstartup_M.o                 12
    data_init.o                  40
    lz77_init_single.o          126
    zero_init3.o                 60
    -------------------------------------------------
    Total:                      552

shb_l.a: [5]
    exit.o                       20
    -------------------------------------------------
    Total:                       20

    Linker created                        32    1 024
-----------------------------------------------------
    Grand Total:             13 372    1 798    7 075


*******************************************************************************
*** ENTRY LIST
***

Entry                      Address   Size  Type      Object
-----                      -------   ----  ----      ------
.iar.init_table$$Base   0x080033c4          --   Gb  - Linker created -
.iar.init_table$$Limit  0x080033e4          --   Gb  - Linker created -
?main                   0x080033e5         Code  Gb  cmain.o [4]
AHBPrescTable           0x08003350   0x10  Data  Gb  system_stm32f0xx.o [1]
APBPrescTable           0x08003448    0x8  Data  Gb  system_stm32f0xx.o [1]
CSTACK$$Base            0x20000b88          --   Gb  - Linker created -
CSTACK$$Limit           0x20000f88          --   Gb  - Linker created -
ChangeData              0x20001ba4    0x1  Data  Gb  Modbus.o [1]
CheckCRC16              0x080029c1   0x2c  Code  Gb  Modbus.o [1]
ClearScreen             0x08002eab   0x30  Code  Lc  PointSelect.o [1]
DMA1_Channel2_3_IRQHandler
                        0x08003271   0x10  Code  Gb  stm32f0xx_it.o [1]
DMA1_Channel4_5_IRQHandler
                        0x08003281   0x10  Code  Gb  stm32f0xx_it.o [1]
DMA_CalcBaseAndBitshift
                        0x08000d03   0x1a  Code  Lc  stm32f0xx_hal_dma.o [1]
DMA_SetConfig           0x08000cd9   0x2a  Code  Lc  stm32f0xx_hal_dma.o [1]
Display12x16            0x08002f27   0xc4  Code  Gb  PointSelect.o [1]
Display12x8Char         0x08003041   0x96  Code  Gb  PointSelect.o [1]
DisplayColon            0x08002feb   0x56  Code  Gb  PointSelect.o [1]
DisplayF0NumGet         0x08002b25  0x11c  Code  Gb  Modbus.o [1]
DisplayInit             0x080025d9    0xe  Code  Gb  DisplayList.o [1]
DisplayLine             0x080030e9   0x42  Code  Gb  PointSelect.o [1]
DisplayPoint            0x080030d7    0x6  Code  Gb  PointSelect.o [1]
FrameCheck              0x080029ed   0x62  Code  Gb  Modbus.o [1]
FrameDeal               0x08002c55   0x42  Code  Gb  Modbus.o [1]
GBLen_16X12             0x20000334    0x1  Data  Lc  PointSelect.o [1]
GBList_16X12            0x20000300   0x34  Data  Lc  PointSelect.o [1]
GB_16X12                0x20000338  0x258  Data  Lc  PointSelect.o [1]
GetFrameLen             0x08002c97   0x22  Code  Gb  Modbus.o [1]
GpioSet                 0x08002cb9   0xe6  Code  Lc  PointSelect.o [1]
Gpio_Pin_Reset          0x080031c1   0x74  Code  Gb  gpio_c.o [1]
Gpio_Pin_Reset_Set      0x08003245   0x12  Code  Gb  gpio_c.o [1]
Gpio_Pin_Set            0x0800314d   0x74  Code  Gb  gpio_c.o [1]
HAL_DMA_Abort           0x08000ba5   0x36  Code  Gb  stm32f0xx_hal_dma.o [1]
HAL_DMA_Abort_IT        0x08000bdb   0x4e  Code  Gb  stm32f0xx_hal_dma.o [1]
HAL_DMA_IRQHandler      0x08000c29   0xb0  Code  Gb  stm32f0xx_hal_dma.o [1]
HAL_DMA_Init            0x08000acd   0x5a  Code  Gb  stm32f0xx_hal_dma.o [1]
HAL_DMA_Start_IT        0x08000b2d   0x78  Code  Gb  stm32f0xx_hal_dma.o [1]
HAL_Delay               0x0800299f   0x20  Code  Wk  stm32f0xx_hal.o [1]
HAL_GPIO_Init           0x08001579  0x18a  Code  Gb  stm32f0xx_hal_gpio.o [1]
HAL_GPIO_WritePin       0x08001703    0xc  Code  Gb  stm32f0xx_hal_gpio.o [1]
HAL_GetTick             0x080017f5    0xc  Code  Wk  stm32f0xx_hal.o [1]
HAL_IWDG_Init           0x080021a5   0x52  Code  Gb  stm32f0xx_hal_iwdg.o [1]
HAL_IWDG_Refresh        0x080021f7    0xa  Code  Gb  stm32f0xx_hal_iwdg.o [1]
HAL_IncTick             0x080032e1   0x10  Code  Wk  stm32f0xx_hal.o [1]
HAL_Init                0x0800185d   0x1a  Code  Gb  stm32f0xx_hal.o [1]
HAL_InitTick            0x08001801   0x24  Code  Wk  stm32f0xx_hal.o [1]
HAL_MspInit             0x08001d51   0x50  Code  Gb  stm32f0xx_hal_msp.o [1]
HAL_NVIC_EnableIRQ      0x080017ad    0x8  Code  Gb  stm32f0xx_hal_cortex.o [1]
HAL_NVIC_SetPriority    0x080017a5    0x8  Code  Gb  stm32f0xx_hal_cortex.o [1]
HAL_RCCEx_PeriphCLKConfig
                        0x08001c51   0xe6  Code  Gb  stm32f0xx_hal_rcc_ex.o [1]
HAL_RCC_ClockConfig     0x08001155  0x122  Code  Gb  stm32f0xx_hal_rcc.o [1]
HAL_RCC_GetHCLKFreq     0x080012d7    0x6  Code  Gb  stm32f0xx_hal_rcc.o [1]
HAL_RCC_GetPCLK1Freq    0x080012e1   0x18  Code  Gb  stm32f0xx_hal_rcc.o [1]
HAL_RCC_GetSysClockFreq
                        0x08001281   0x56  Code  Gb  stm32f0xx_hal_rcc.o [1]
HAL_RCC_OscConfig       0x08000da9  0x3a8  Code  Gb  stm32f0xx_hal_rcc.o [1]
HAL_SYSTICK_CLKSourceConfig
                        0x080017bd   0x18  Code  Gb  stm32f0xx_hal_cortex.o [1]
HAL_SYSTICK_Callback    0x080017f1    0x2  Code  Wk  stm32f0xx_hal_cortex.o [1]
HAL_SYSTICK_Config      0x080017b5    0x8  Code  Gb  stm32f0xx_hal_cortex.o [1]
HAL_SYSTICK_IRQHandler  0x080017e9    0x8  Code  Gb  stm32f0xx_hal_cortex.o [1]
HAL_TIMEx_BreakCallback
                        0x08002999    0x2  Code  Wk  stm32f0xx_hal_tim_ex.o [1]
HAL_TIMEx_CommutationCallback
                        0x0800299d    0x2  Code  Wk  stm32f0xx_hal_tim_ex.o [1]
HAL_TIMEx_MasterConfigSynchronization
                        0x08002159   0x4c  Code  Gb  stm32f0xx_hal_tim_ex.o [1]
HAL_TIM_Base_Init       0x08001da1   0x32  Code  Gb  stm32f0xx_hal_tim.o [1]
HAL_TIM_Base_MspInit    0x08001a7d   0x58  Code  Gb  tim.o [1]
HAL_TIM_Base_Start_IT   0x08001dd3   0x16  Code  Gb  stm32f0xx_hal_tim.o [1]
HAL_TIM_ConfigClockSource
                        0x08001f49   0xfc  Code  Gb  stm32f0xx_hal_tim.o [1]
HAL_TIM_IC_CaptureCallback
                        0x08002969    0x2  Code  Wk  stm32f0xx_hal_tim.o [1]
HAL_TIM_IRQHandler      0x08001de9  0x160  Code  Gb  stm32f0xx_hal_tim.o [1]
HAL_TIM_OC_DelayElapsedCallback
                        0x0800296b    0x2  Code  Wk  stm32f0xx_hal_tim.o [1]
HAL_TIM_PWM_PulseFinishedCallback
                        0x0800296d    0x2  Code  Wk  stm32f0xx_hal_tim.o [1]
HAL_TIM_PeriodElapsedCallback
                        0x08002971   0x28  Code  Gb  Time_Magagement.o [1]
HAL_TIM_TriggerCallback
                        0x0800299b    0x2  Code  Wk  stm32f0xx_hal_tim.o [1]
HAL_UART_DMAStop        0x08000245   0x58  Code  Gb  stm32f0xx_hal_uart.o [1]
HAL_UART_ErrorCallback  0x08000d29    0x2  Code  Wk  stm32f0xx_hal_uart.o [1]
HAL_UART_IRQHandler     0x080002b1  0x118  Code  Gb  stm32f0xx_hal_uart.o [1]
HAL_UART_Init           0x080000b5   0x68  Code  Gb  stm32f0xx_hal_uart.o [1]
HAL_UART_MspInit        0x080008c1  0x19c  Code  Gb  usart.o [1]
HAL_UART_Receive_DMA    0x080001ad   0x98  Code  Gb  stm32f0xx_hal_uart.o [1]
HAL_UART_RxCpltCallback
                        0x0800145f    0x2  Code  Wk  stm32f0xx_hal_uart.o [1]
HAL_UART_RxHalfCpltCallback
                        0x08001461    0x2  Code  Wk  stm32f0xx_hal_uart.o [1]
HAL_UART_Transmit_DMA   0x08000121   0x8c  Code  Gb  stm32f0xx_hal_uart.o [1]
HAL_UART_TxCpltCallback
                        0x08001421   0x3c  Code  Gb  Usart_Magagement.o [1]
HAL_UART_TxHalfCpltCallback
                        0x0800145d    0x2  Code  Wk  stm32f0xx_hal_uart.o [1]
HardFault_Handler       0x0800325b    0x2  Code  Gb  stm32f0xx_it.o [1]
MX_DMA_Init             0x080019b1   0x3c  Code  Gb  dma.o [1]
MX_GPIO_Init            0x0800187d  0x134  Code  Gb  gpio.o [1]
MX_IWDG_Init            0x08001b3d   0x28  Code  Gb  iwdg.o [1]
MX_TIM3_Init            0x080019ed   0x66  Code  Gb  tim.o [1]
MX_TIM6_Init            0x08001a55   0x28  Code  Gb  tim.o [1]
MX_USART1_UART_Init     0x08000859   0x34  Code  Gb  usart.o [1]
MX_USART2_UART_Init     0x0800088d   0x34  Code  Gb  usart.o [1]
Main_Loop               0x08001be7   0x48  Code  Gb  User_Deal_Code.o [1]
ModBus_Command03        0x08002a4f   0x58  Code  Gb  Modbus.o [1]
ModBus_Command06        0x08002aa7   0x28  Code  Gb  Modbus.o [1]
ModBus_Command16        0x08002acf   0x54  Code  Gb  Modbus.o [1]
ModbusTXBuf             0x20001928  0x100  Data  Gb  Modbus.o [1]
NMI_Handler             0x08003259    0x2  Code  Gb  stm32f0xx_it.o [1]
NVIC_EnableIRQ          0x08001729    0xe  Code  Lc  stm32f0xx_hal_cortex.o [1]
NVIC_SetPriority        0x08001737   0x44  Code  Lc  stm32f0xx_hal_cortex.o [1]
PendSV_Handler          0x0800325f    0x2  Code  Gb  stm32f0xx_it.o [1]
Region$$Table$$Base     0x080033c4          --   Gb  - Linker created -
Region$$Table$$Limit    0x080033e4          --   Gb  - Linker created -
Register                0x20000200  0x100  Data  Gb  Modbus.o [1]
SVC_Handler             0x0800325d    0x2  Code  Gb  stm32f0xx_it.o [1]
ScanfDisplayF0          0x080025e7  0x326  Code  Gb  DisplayList.o [1]
Scopy                   0x0800239f   0x14  Code  Gb  Usart1.o [1]
ScreenConfiguration     0x08002edb   0x4c  Code  Gb  PointSelect.o [1]
SelectScreen            0x08002e21   0x50  Code  Lc  PointSelect.o [1]
SetOnOff                0x08002e71    0xe  Code  Lc  PointSelect.o [1]
SetPoint                0x20001ba5    0x1  Data  Lc  PointSelect.o [1]
Setpage                 0x08002e7f    0xe  Code  Lc  PointSelect.o [1]
Setx                    0x08002e8d    0xe  Code  Lc  PointSelect.o [1]
Sety                    0x08002e9b   0x10  Code  Gb  PointSelect.o [1]
SlaveAddr               0x20000b84    0x1  Data  Lc  Modbus.o [1]
SysTick_Config          0x0800177b   0x2a  Code  Lc  stm32f0xx_hal_cortex.o [1]
SysTick_Handler         0x08003261   0x10  Code  Gb  stm32f0xx_it.o [1]
SystemClock_Config      0x08001491   0x94  Code  Gb  main.o [1]
SystemCoreClock         0x20000b80    0x4  Data  Gb  system_stm32f0xx.o [1]
SystemInit              0x080032f1   0x48  Code  Gb  system_stm32f0xx.o [1]
System_Init             0x08001bc1   0x18  Code  Gb  User_Deal_Code.o [1]
System_Ready            0x08001bd9    0xe  Code  Gb  User_Deal_Code.o [1]
TIM3_IRQHandler         0x08003291    0xa  Code  Gb  stm32f0xx_it.o [1]
TIM6_IRQHandler         0x0800329b    0xa  Code  Gb  stm32f0xx_it.o [1]
TIM_Base_SetConfig      0x08002049   0x78  Code  Gb  stm32f0xx_hal_tim.o [1]
TIM_ETR_SetConfig       0x08002137   0x16  Code  Gb  stm32f0xx_hal_tim.o [1]
TIM_ITRx_SetConfig      0x08002127   0x10  Code  Lc  stm32f0xx_hal_tim.o [1]
TIM_TI1_ConfigInputStage
                        0x080020dd   0x24  Code  Lc  stm32f0xx_hal_tim.o [1]
TIM_TI2_ConfigInputStage
                        0x08002101   0x26  Code  Lc  stm32f0xx_hal_tim.o [1]
Tim3_Interrupt          0x0800312d   0x14  Code  Gb  Time3.o [1]
Tim6_Interrupt          0x08003141    0xc  Code  Gb  Time6.o [1]
Time3_Parameter         0x20001b98    0x8  Data  Gb  Time3.o [1]
UART_AdvFeatureConfig   0x08000525   0xca  Code  Gb  stm32f0xx_hal_uart.o [1]
UART_CheckIdleState     0x080005f5   0x12  Code  Gb  stm32f0xx_hal_uart.o [1]
UART_DMAAbortOnError    0x08000747   0x14  Code  Lc  stm32f0xx_hal_uart.o [1]
UART_DMAError           0x080006ff   0x48  Code  Lc  stm32f0xx_hal_uart.o [1]
UART_DMAReceiveCplt     0x0800068b   0x3e  Code  Lc  stm32f0xx_hal_uart.o [1]
UART_DMARxHalfCplt      0x080006f5    0xa  Code  Lc  stm32f0xx_hal_uart.o [1]
UART_DMATransmitCplt    0x08000651   0x30  Code  Lc  stm32f0xx_hal_uart.o [1]
UART_DMATxHalfCplt      0x08000681    0xa  Code  Lc  stm32f0xx_hal_uart.o [1]
UART_EndRxTransfer      0x0800061f   0x1c  Code  Lc  stm32f0xx_hal_uart.o [1]
UART_EndTransmit_IT     0x080007c1   0x1a  Code  Gb  stm32f0xx_hal_uart.o [1]
UART_EndTxTransfer      0x0800060d   0x12  Code  Lc  stm32f0xx_hal_uart.o [1]
UART_Receive_IT         0x080007db   0x74  Code  Gb  stm32f0xx_hal_uart.o [1]
UART_SetConfig          0x080003c9  0x154  Code  Gb  stm32f0xx_hal_uart.o [1]
UART_Transmit_IT        0x0800075b   0x66  Code  Gb  stm32f0xx_hal_uart.o [1]
USART1_Configuration    0x0800220d   0x1a  Code  Gb  Usart1.o [1]
USART1_IRQHandler       0x080032a5    0xe  Code  Gb  stm32f0xx_it.o [1]
USART1_Re_Data_Deal     0x0800230f   0x90  Code  Gb  Usart1.o [1]
USART1_Rev_DMA_Flag_Clear
                        0x08002257   0x34  Code  Gb  Usart1.o [1]
USART1_SendDMA          0x08002227   0x30  Code  Gb  Usart1.o [1]
USART2_Configuration    0x080023d9   0x1a  Code  Gb  Usart2.o [1]
USART2_IRQHandler       0x080032b3    0xe  Code  Gb  stm32f0xx_it.o [1]
USART2_Re_Data_Deal     0x080024db   0xda  Code  Gb  Usart2.o [1]
USART2_Rev_DMA_Flag_Clear
                        0x08002423   0x34  Code  Gb  Usart2.o [1]
USART2_SendDMA          0x080023f3   0x30  Code  Gb  Usart2.o [1]
Usart1_Data             0x20000f88  0x448  Data  Gb  Usart1.o [1]
Usart1_Interrupt        0x0800228b   0x84  Code  Gb  Usart1.o [1]
Usart2_Data             0x200013d0  0x448  Data  Gb  Usart2.o [1]
Usart2_Interrupt        0x08002457   0x84  Code  Gb  Usart2.o [1]
WriteCmd                0x08002da1   0x40  Code  Lc  PointSelect.o [1]
WriteData               0x08002de1   0x40  Code  Lc  PointSelect.o [1]
_Error_Handler          0x08001525    0x2  Code  Gb  main.o [1]
__ICFEDIT_region_RAM_end__ {Abs}
                        0x20001fff         Data  Gb  command line/config [2]
__ICFEDIT_region_RAM_start__ {Abs}
                        0x20000000         Data  Gb  command line/config [2]
__aeabi_idiv            0x0800136d         Code  Gb  I32DivModFast.o [4]
__aeabi_idiv0           0x08001859         Code  Gb  IntDivZer.o [4]
__aeabi_idivmod         0x0800136d         Code  Gb  I32DivModFast.o [4]
__aeabi_memcpy4         0x08001825         Code  Wk  ABImemcpy.o [4]
__aeabi_uidiv           0x08001373         Code  Gb  I32DivModFast.o [4]
__aeabi_uidivmod        0x08001373         Code  Gb  I32DivModFast.o [4]
__cmain                 0x080033e5         Code  Gb  cmain.o [4]
__exit                  0x08003419   0x14  Code  Gb  exit.o [5]
__iar_data_init3        0x0800339d   0x28  Code  Gb  data_init.o [4]
__iar_lz77_init_single3
                        0x08000d2b   0x7e  Code  Gb  lz77_init_single.o [4]
__iar_program_start     0x0800343d         Code  Gb  cstartup_M.o [4]
__iar_zero_init3        0x08003361   0x3c  Code  Gb  zero_init3.o [4]
__low_level_init        0x080033ff    0x4  Code  Gb  low_level_init.o [3]
__vector_table          0x08000000         Data  Gb  startup_stm32f030x8.o [1]
_call_main              0x080033f1         Code  Gb  cmain.o [4]
_exit                   0x0800340d         Code  Gb  cexit.o [4]
_main                   0x080033fb         Code  Gb  cmain.o [4]
ascii_table_8x16        0x20000590  0x5f0  Data  Lc  PointSelect.o [1]
auchCRCHi               0x20000000  0x100  Data  Lc  Modbus.o [1]
auchCRCLo               0x20000100  0x100  Data  Lc  Modbus.o [1]
exit                    0x08003403    0x8  Code  Gb  exit.o [3]
hdma_usart1_rx          0x2000185c   0x44  Data  Gb  usart.o [1]
hdma_usart1_tx          0x20001818   0x44  Data  Gb  usart.o [1]
hdma_usart2_rx          0x200018e4   0x44  Data  Gb  usart.o [1]
hdma_usart2_tx          0x200018a0   0x44  Data  Gb  usart.o [1]
hiwdg                   0x20001b88   0x10  Data  Gb  iwdg.o [1]
htim3                   0x20001b08   0x40  Data  Gb  tim.o [1]
htim6                   0x20001b48   0x40  Data  Gb  tim.o [1]
huart1                  0x20001a28   0x70  Data  Gb  usart.o [1]
huart2                  0x20001a98   0x70  Data  Gb  usart.o [1]
main                    0x08001465   0x2c  Code  Gb  main.o [1]
uwTick                  0x20001ba0    0x4  Data  Gb  stm32f0xx_hal.o [1]


[1] = C:\Users\ª·ƒ√√€‚µµƒ¬ﬁ≈Ã\Desktop\12864∆¡ƒª\05.≤‚ ‘\demo\EWARM\demo\Obj
[2] = command line
[3] = dl6M_tlf.a
[4] = rt6M_tl.a
[5] = shb_l.a

  13 372 bytes of readonly  code memory
   1 798 bytes of readonly  data memory
   7 075 bytes of readwrite data memory

Errors: none
Warnings: none
